C:\Users\y2000613\AppData\Local\Programs\Python\Python37\sdfsdfs.py
C:\Users\y2000613\AppData\Local\Programs\Python\Python37\图.py
C:\Users\y2000613\Downloads\try jieba.py
C:\Users\y2000613\AppData\Local\Programs\Python\Python37\图2.py
C:\Users\y2000613\AppData\Local\Programs\Python\Python37\hlm.py
C:\Users\y2000613\AppData\Local\Programs\Python\Python37\zy1.py
C:\Users\y2000613\AppData\Local\Programs\Python\Python37\textadf.py
C:\Users\y2000613\AppData\Local\Programs\Python\Python37\sdf.py
C:\Users\y2000613\AppData\Local\Programs\Python\Python37\drawn.py
C:\Users\y2000613\AppData\Local\Programs\Python\Python37\class.py
C:\Users\y2000613\AppData\Local\Programs\Python\Python37\time.py
C:\Users\y2000613\AppData\Local\Programs\Python\Python37\drow.py
C:\Users\y2000613\AppData\Local\Programs\Python\Python37\list.py
C:\Users\y2000613\AppData\Local\Programs\Python\Python37\pen.py
C:\Users\y2000613\AppData\Local\Programs\Python\Python37\ss.py
C:\Users\y2000613\AppData\Local\Programs\Python\Python37\z.py
C:\Users\y2000613\AppData\Local\Programs\Python\Python37\test.py
